// Jest Snapshot v1, https://goo.gl/fbAQLP

exports[`should render Logo component should render Logo component snapshot 1`] = `
<div
  className="logo light"
>
  <ForwardRef(SvgLogo) />
</div>
`;
