// Jest Snapshot v1, https://goo.gl/fbAQLP

exports[`should render NotTodos component should render NotTodos component snapshot 1`] = `
<div
  className="not-todos"
>
  <MemoizedFormattedMessage
    id="not_todos"
  />
</div>
`;
