// Jest Snapshot v1, https://goo.gl/fbAQLP

exports[`should render Copyright component should render Copyright component snapshot 1`] = `
<Fragment>
  <MemoizedFormattedMessage
    id="copyright"
  />
</Fragment>
`;
