// Jest Snapshot v1, https://goo.gl/fbAQLP

exports[`should render Header component should render Header component snapshot 1`] = `
<header
  className="header dark"
>
  <div
    className="container header__container"
  >
    <Logo />
    <SwitcherLang />
    <SwitcherTheme />
  </div>
</header>
`;
